// Jest Snapshot v1, https://goo.gl/fbAQLP

exports[`Timer:Carousel should create/match snapshot 1`] = `
<div class="carousel">
    <button class="btn">
        <i class="fas fa-angle-left"></i>
    </button>
    <button class="btn">
        <i class="fas fa-angle-right"></i>
    </button>
</div>
`;
